I's code point is 73
before I is H, code point 72
after I is J, code point 74