O's code point is 79
before O is N, code point 78
after O is P, code point 80