Q's code point is 81
before Q is P, code point 80
after Q is R, code point 82