F's code point is 70
before F is E, code point 69
after F is G, code point 71