Ffhjp, Smshb. Udc maruapt el udgt ofpqje hmpg qdnynxjfz